2025-09-25 11:52:49 [main] INFO  com.xzz.ConvenientOfficeApplication - Starting ConvenientOfficeApplication v1.0.0 using Java 17.0.16 with PID 21268 (D:\aaaaUserxzz\xzzworkspace\xzzCode\ConvenientOffice\target\classes started by 曹默星 in D:\aaaaUserxzz\xzzworkspace\xzzCode\ConvenientOffice)
2025-09-25 11:52:49 [main] INFO  com.xzz.ConvenientOfficeApplication - No active profile set, falling back to 1 default profile: "default"
2025-09-25 11:52:50 [main] INFO  o.s.b.w.e.tomcat.TomcatWebServer - Tomcat initialized with port 8080 (http)
2025-09-25 11:52:50 [main] INFO  o.a.catalina.core.StandardService - Starting service [Tomcat]
2025-09-25 11:52:50 [main] INFO  o.a.catalina.core.StandardEngine - Starting Servlet engine: [Apache Tomcat/10.1.46]
2025-09-25 11:52:50 [main] INFO  o.a.c.c.C.[Tomcat].[localhost].[/] - Initializing Spring embedded WebApplicationContext
2025-09-25 11:52:50 [main] INFO  o.s.b.w.s.c.ServletWebServerApplicationContext - Root WebApplicationContext: initialization completed in 1190 ms
2025-09-25 11:52:51 [main] INFO  c.x.i.config.FileUploadConfig - 创建文件上传临时目录: C:\Temp\/smart-table-uploads
2025-09-25 11:52:51 [main] INFO  c.x.i.config.FileUploadConfig - 文件上传配置初始化完成，最大文件大小: 52428800B
2025-09-25 11:52:51 [main] DEBUG o.s.w.s.m.m.a.RequestMappingHandlerMapping - 5 mappings in 'requestMappingHandlerMapping'
2025-09-25 11:52:51 [main] DEBUG o.s.w.s.h.SimpleUrlHandlerMapping - Patterns [/webjars/**, /**] in 'resourceHandlerMapping'
2025-09-25 11:52:51 [main] DEBUG o.s.w.s.m.m.a.RequestMappingHandlerAdapter - ControllerAdvice beans: 0 @ModelAttribute, 0 @InitBinder, 1 RequestBodyAdvice, 1 ResponseBodyAdvice
2025-09-25 11:52:51 [main] DEBUG o.s.w.s.m.m.a.ExceptionHandlerExceptionResolver - ControllerAdvice beans: 1 @ExceptionHandler, 1 ResponseBodyAdvice
2025-09-25 11:52:51 [main] WARN  o.s.b.w.s.c.AnnotationConfigServletWebServerApplicationContext - Exception encountered during context initialization - cancelling refresh attempt: org.springframework.context.ApplicationContextException: Failed to start bean 'webServerStartStop'
2025-09-25 11:52:51 [main] INFO  o.s.b.a.l.ConditionEvaluationReportLogger - 

Error starting ApplicationContext. To display the condition evaluation report re-run your application with 'debug' enabled.
2025-09-25 11:52:51 [main] ERROR o.s.b.d.LoggingFailureAnalysisReporter - 

***************************
APPLICATION FAILED TO START
***************************

Description:

Web server failed to start. Port 8080 was already in use.

Action:

Identify and stop the process that's listening on port 8080 or configure this application to listen on another port.

2025-09-25 11:53:27 [main] INFO  com.xzz.ConvenientOfficeApplication - Starting ConvenientOfficeApplication v1.0.0 using Java 17.0.16 with PID 2724 (D:\aaaaUserxzz\xzzworkspace\xzzCode\ConvenientOffice\target\classes started by 曹默星 in D:\aaaaUserxzz\xzzworkspace\xzzCode\ConvenientOffice)
2025-09-25 11:53:27 [main] INFO  com.xzz.ConvenientOfficeApplication - No active profile set, falling back to 1 default profile: "default"
2025-09-25 11:53:28 [main] INFO  o.s.b.w.e.tomcat.TomcatWebServer - Tomcat initialized with port 8086 (http)
2025-09-25 11:53:29 [main] INFO  o.a.catalina.core.StandardService - Starting service [Tomcat]
2025-09-25 11:53:29 [main] INFO  o.a.catalina.core.StandardEngine - Starting Servlet engine: [Apache Tomcat/10.1.46]
2025-09-25 11:53:29 [main] INFO  o.a.c.c.C.[Tomcat].[localhost].[/] - Initializing Spring embedded WebApplicationContext
2025-09-25 11:53:29 [main] INFO  o.s.b.w.s.c.ServletWebServerApplicationContext - Root WebApplicationContext: initialization completed in 1113 ms
2025-09-25 11:53:29 [main] INFO  c.x.i.config.FileUploadConfig - 文件上传配置初始化完成，最大文件大小: 52428800B
2025-09-25 11:53:29 [main] DEBUG o.s.w.s.m.m.a.RequestMappingHandlerMapping - 5 mappings in 'requestMappingHandlerMapping'
2025-09-25 11:53:29 [main] DEBUG o.s.w.s.h.SimpleUrlHandlerMapping - Patterns [/webjars/**, /**] in 'resourceHandlerMapping'
2025-09-25 11:53:29 [main] DEBUG o.s.w.s.m.m.a.RequestMappingHandlerAdapter - ControllerAdvice beans: 0 @ModelAttribute, 0 @InitBinder, 1 RequestBodyAdvice, 1 ResponseBodyAdvice
2025-09-25 11:53:29 [main] DEBUG o.s.w.s.m.m.a.ExceptionHandlerExceptionResolver - ControllerAdvice beans: 1 @ExceptionHandler, 1 ResponseBodyAdvice
2025-09-25 11:53:29 [main] INFO  o.s.b.w.e.tomcat.TomcatWebServer - Tomcat started on port 8086 (http) with context path '/'
2025-09-25 11:53:29 [main] INFO  com.xzz.ConvenientOfficeApplication - Started ConvenientOfficeApplication in 2.547 seconds (process running for 3.404)
2025-09-25 14:45:12 [SpringApplicationShutdownHook] INFO  o.s.b.w.e.tomcat.GracefulShutdown - Commencing graceful shutdown. Waiting for active requests to complete
2025-09-25 14:45:13 [tomcat-shutdown] INFO  o.s.b.w.e.tomcat.GracefulShutdown - Graceful shutdown complete
2025-09-25 14:45:18 [main] INFO  com.xzz.ConvenientOfficeApplication - Starting ConvenientOfficeApplication v1.0.0 using Java 17.0.16 with PID 22912 (D:\aaaaUserxzz\xzzworkspace\xzzCode\ConvenientOffice\target\classes started by 曹默星 in D:\aaaaUserxzz\xzzworkspace\xzzCode\ConvenientOffice)
2025-09-25 14:45:18 [main] INFO  com.xzz.ConvenientOfficeApplication - No active profile set, falling back to 1 default profile: "default"
2025-09-25 14:45:20 [main] INFO  o.s.b.w.e.tomcat.TomcatWebServer - Tomcat initialized with port 8086 (http)
2025-09-25 14:45:20 [main] INFO  o.a.catalina.core.StandardService - Starting service [Tomcat]
2025-09-25 14:45:20 [main] INFO  o.a.catalina.core.StandardEngine - Starting Servlet engine: [Apache Tomcat/10.1.46]
2025-09-25 14:45:20 [main] INFO  o.a.c.c.C.[Tomcat].[localhost].[/] - Initializing Spring embedded WebApplicationContext
2025-09-25 14:45:20 [main] INFO  o.s.b.w.s.c.ServletWebServerApplicationContext - Root WebApplicationContext: initialization completed in 1304 ms
2025-09-25 14:45:20 [main] WARN  o.s.b.w.s.c.AnnotationConfigServletWebServerApplicationContext - Exception encountered during context initialization - cancelling refresh attempt: org.springframework.beans.factory.BeanCreationException: Error creating bean with name 'fileUploadConfig': Invocation of init method failed
2025-09-25 14:45:20 [main] INFO  o.a.catalina.core.StandardService - Stopping service [Tomcat]
2025-09-25 14:45:20 [main] INFO  o.s.b.a.l.ConditionEvaluationReportLogger - 

Error starting ApplicationContext. To display the condition evaluation report re-run your application with 'debug' enabled.
2025-09-25 14:45:20 [main] ERROR o.s.boot.SpringApplication - Application run failed
org.springframework.beans.factory.BeanCreationException: Error creating bean with name 'fileUploadConfig': Invocation of init method failed
	at org.springframework.beans.factory.annotation.InitDestroyAnnotationBeanPostProcessor.postProcessBeforeInitialization(InitDestroyAnnotationBeanPostProcessor.java:222)
	at org.springframework.beans.factory.support.AbstractAutowireCapableBeanFactory.applyBeanPostProcessorsBeforeInitialization(AbstractAutowireCapableBeanFactory.java:429)
	at org.springframework.beans.factory.support.AbstractAutowireCapableBeanFactory.initializeBean(AbstractAutowireCapableBeanFactory.java:1818)
	at org.springframework.beans.factory.support.AbstractAutowireCapableBeanFactory.doCreateBean(AbstractAutowireCapableBeanFactory.java:607)
	at org.springframework.beans.factory.support.AbstractAutowireCapableBeanFactory.createBean(AbstractAutowireCapableBeanFactory.java:529)
	at org.springframework.beans.factory.support.AbstractBeanFactory.lambda$doGetBean$0(AbstractBeanFactory.java:339)
	at org.springframework.beans.factory.support.DefaultSingletonBeanRegistry.getSingleton(DefaultSingletonBeanRegistry.java:373)
	at org.springframework.beans.factory.support.AbstractBeanFactory.doGetBean(AbstractBeanFactory.java:337)
	at org.springframework.beans.factory.support.AbstractBeanFactory.getBean(AbstractBeanFactory.java:202)
	at org.springframework.beans.factory.support.DefaultListableBeanFactory.instantiateSingleton(DefaultListableBeanFactory.java:1221)
	at org.springframework.beans.factory.support.DefaultListableBeanFactory.preInstantiateSingleton(DefaultListableBeanFactory.java:1187)
	at org.springframework.beans.factory.support.DefaultListableBeanFactory.preInstantiateSingletons(DefaultListableBeanFactory.java:1123)
	at org.springframework.context.support.AbstractApplicationContext.finishBeanFactoryInitialization(AbstractApplicationContext.java:987)
	at org.springframework.context.support.AbstractApplicationContext.refresh(AbstractApplicationContext.java:627)
	at org.springframework.boot.web.servlet.context.ServletWebServerApplicationContext.refresh(ServletWebServerApplicationContext.java:146)
	at org.springframework.boot.SpringApplication.refresh(SpringApplication.java:752)
	at org.springframework.boot.SpringApplication.refreshContext(SpringApplication.java:439)
	at org.springframework.boot.SpringApplication.run(SpringApplication.java:318)
	at org.springframework.boot.SpringApplication.run(SpringApplication.java:1361)
	at org.springframework.boot.SpringApplication.run(SpringApplication.java:1350)
	at com.xzz.ConvenientOfficeApplication.main(ConvenientOfficeApplication.java:10)
Caused by: java.lang.NullPointerException: null
	at java.base/java.io.File.<init>(File.java:278)
	at com.xzz.independent.config.FileUploadConfig.init(FileUploadConfig.java:39)
	at java.base/jdk.internal.reflect.NativeMethodAccessorImpl.invoke0(Native Method)
	at java.base/jdk.internal.reflect.NativeMethodAccessorImpl.invoke(NativeMethodAccessorImpl.java:77)
	at java.base/jdk.internal.reflect.DelegatingMethodAccessorImpl.invoke(DelegatingMethodAccessorImpl.java:43)
	at java.base/java.lang.reflect.Method.invoke(Method.java:569)
	at org.springframework.beans.factory.annotation.InitDestroyAnnotationBeanPostProcessor$LifecycleMethod.invoke(InitDestroyAnnotationBeanPostProcessor.java:457)
	at org.springframework.beans.factory.annotation.InitDestroyAnnotationBeanPostProcessor$LifecycleMetadata.invokeInitMethods(InitDestroyAnnotationBeanPostProcessor.java:401)
	at org.springframework.beans.factory.annotation.InitDestroyAnnotationBeanPostProcessor.postProcessBeforeInitialization(InitDestroyAnnotationBeanPostProcessor.java:219)
	... 20 common frames omitted
2025-09-25 14:50:04 [main] INFO  com.xzz.ConvenientOfficeApplication - Starting ConvenientOfficeApplication v1.0.0 using Java 17.0.16 with PID 22500 (D:\aaaaUserxzz\xzzworkspace\xzzCode\ConvenientOffice\target\classes started by 曹默星 in D:\aaaaUserxzz\xzzworkspace\xzzCode\ConvenientOffice)
2025-09-25 14:50:04 [main] INFO  com.xzz.ConvenientOfficeApplication - No active profile set, falling back to 1 default profile: "default"
2025-09-25 14:50:06 [main] INFO  o.s.b.w.e.tomcat.TomcatWebServer - Tomcat initialized with port 8086 (http)
2025-09-25 14:50:06 [main] INFO  o.a.catalina.core.StandardService - Starting service [Tomcat]
2025-09-25 14:50:06 [main] INFO  o.a.catalina.core.StandardEngine - Starting Servlet engine: [Apache Tomcat/10.1.46]
2025-09-25 14:50:06 [main] INFO  o.a.c.c.C.[Tomcat].[localhost].[/] - Initializing Spring embedded WebApplicationContext
2025-09-25 14:50:06 [main] INFO  o.s.b.w.s.c.ServletWebServerApplicationContext - Root WebApplicationContext: initialization completed in 1333 ms
2025-09-25 14:50:06 [main] INFO  c.x.i.config.FileUploadConfig - 文件上传配置初始化完成，最大文件大小: 52428800B
2025-09-25 14:50:06 [main] DEBUG o.s.w.s.m.m.a.RequestMappingHandlerMapping - 5 mappings in 'requestMappingHandlerMapping'
2025-09-25 14:50:06 [main] DEBUG o.s.w.s.h.SimpleUrlHandlerMapping - Patterns [/webjars/**, /**] in 'resourceHandlerMapping'
2025-09-25 14:50:06 [main] DEBUG o.s.w.s.m.m.a.RequestMappingHandlerAdapter - ControllerAdvice beans: 0 @ModelAttribute, 0 @InitBinder, 1 RequestBodyAdvice, 1 ResponseBodyAdvice
2025-09-25 14:50:06 [main] DEBUG o.s.w.s.m.m.a.ExceptionHandlerExceptionResolver - ControllerAdvice beans: 1 @ExceptionHandler, 1 ResponseBodyAdvice
2025-09-25 14:50:07 [main] INFO  o.s.b.w.e.tomcat.TomcatWebServer - Tomcat started on port 8086 (http) with context path '/'
2025-09-25 14:50:07 [main] INFO  com.xzz.ConvenientOfficeApplication - Started ConvenientOfficeApplication in 2.82 seconds (process running for 3.689)
2025-09-25 14:50:42 [SpringApplicationShutdownHook] INFO  o.s.b.w.e.tomcat.GracefulShutdown - Commencing graceful shutdown. Waiting for active requests to complete
2025-09-25 14:50:42 [tomcat-shutdown] INFO  o.s.b.w.e.tomcat.GracefulShutdown - Graceful shutdown complete
2025-09-25 15:51:37 [main] INFO  com.xzz.ConvenientOfficeApplication - Starting ConvenientOfficeApplication v1.0.0 using Java 17.0.16 with PID 25200 (D:\aaaaUserxzz\xzzworkspace\xzzCode\ConvenientOffice\target\classes started by 曹默星 in D:\aaaaUserxzz\xzzworkspace\xzzCode\ConvenientOffice)
2025-09-25 15:51:37 [main] INFO  com.xzz.ConvenientOfficeApplication - No active profile set, falling back to 1 default profile: "default"
2025-09-25 15:51:39 [main] INFO  o.s.b.w.e.tomcat.TomcatWebServer - Tomcat initialized with port 8086 (http)
2025-09-25 15:51:39 [main] INFO  o.a.catalina.core.StandardService - Starting service [Tomcat]
2025-09-25 15:51:39 [main] INFO  o.a.catalina.core.StandardEngine - Starting Servlet engine: [Apache Tomcat/10.1.46]
2025-09-25 15:51:39 [main] INFO  o.a.c.c.C.[Tomcat].[localhost].[/] - Initializing Spring embedded WebApplicationContext
2025-09-25 15:51:39 [main] INFO  o.s.b.w.s.c.ServletWebServerApplicationContext - Root WebApplicationContext: initialization completed in 1669 ms
2025-09-25 15:51:40 [main] INFO  c.x.i.config.FileUploadConfig - 文件上传配置初始化完成，最大文件大小: 52428800B
2025-09-25 15:51:40 [main] DEBUG o.s.w.s.m.m.a.RequestMappingHandlerMapping - 5 mappings in 'requestMappingHandlerMapping'
2025-09-25 15:51:40 [main] DEBUG o.s.w.s.h.SimpleUrlHandlerMapping - Patterns [/webjars/**, /**] in 'resourceHandlerMapping'
2025-09-25 15:51:40 [main] DEBUG o.s.w.s.m.m.a.RequestMappingHandlerAdapter - ControllerAdvice beans: 0 @ModelAttribute, 0 @InitBinder, 1 RequestBodyAdvice, 1 ResponseBodyAdvice
2025-09-25 15:51:40 [main] DEBUG o.s.w.s.m.m.a.ExceptionHandlerExceptionResolver - ControllerAdvice beans: 1 @ExceptionHandler, 1 ResponseBodyAdvice
2025-09-25 15:51:40 [main] INFO  o.s.b.w.e.tomcat.TomcatWebServer - Tomcat started on port 8086 (http) with context path '/'
2025-09-25 15:51:40 [main] INFO  com.xzz.ConvenientOfficeApplication - Started ConvenientOfficeApplication in 3.367 seconds (process running for 4.815)
2025-09-25 15:51:46 [SpringApplicationShutdownHook] INFO  o.s.b.w.e.tomcat.GracefulShutdown - Commencing graceful shutdown. Waiting for active requests to complete
2025-09-25 15:51:47 [tomcat-shutdown] INFO  o.s.b.w.e.tomcat.GracefulShutdown - Graceful shutdown complete
